
> drop-wave@0.1.0 build
> prisma generate && next build

node.exe : Environment 
variables loaded from .env
At line:1 char:1
+ & "C:\Program 
Files\nodejs/node.exe" 
"C:\Program 
Files\nodejs/node_mo ...
+ ~~~~~~~~~~~~~~~~~~~~~~~~~~~
~~~~~~~~~~~~~~~~~~~~~~~~~~~~~
~~~~~~~~~~~~~
    + CategoryInfo           
   : NotSpecified: (Environ  
  ment variables loaded fr   
 om .env:String) [], Remo    
teException
    + FullyQualifiedErrorId  
   : NativeCommandError
 
Prisma schema loaded from prisma\schema.prisma

Γ£ö Generated Prisma Client (v6.19.2) to .\node_modules\@prisma\client in 221ms

Start by importing your Prisma Client (See: https://pris.ly/d/importing-client)

Tip: Interested in query caching in just a few lines of code? Try Accelerate today! https://pris.ly/tip-3-accelerate

Γû▓ Next.js 16.1.6 (Turbopack)
- Environments: .env.local, .env

  Creating an optimized production build ...

> Build error occurred
Error: Turbopack build 
failed with 14 errors:
./src/app/(page)/Dashboard/(p
age)/profit/page.tsx
Module not found: Can't 
resolve 'react-apexcharts'


Import traces:
  Client Component Browser:
    ./src/app/(page)/Dashboar
d/(page)/profit/page.tsx 
[Client Component Browser]
    ./src/app/(page)/Dashboar
d/(page)/profit/page.tsx 
[Server Component]

  Client Component SSR:
    ./src/app/(page)/Dashboar
d/(page)/profit/page.tsx 
[Client Component SSR]
    ./src/app/(page)/Dashboar
d/(page)/profit/page.tsx 
[Server Component]

https://nextjs.org/docs/messa
ges/module-not-found


./src/app/(page)/Dashboard/(p
age)/profit/page.tsx:18:31
Module not found: Can't 
resolve 'react-apexcharts'
[0m [90m 16 |[39m 
[36mimport[39m { useRouter 
} [36mfrom[39m [32m'next/n
avigation'[39m[33m;[39m
 [90m 17 |[39m
[31m[1m>[22m[39m[90m 18 
|[39m [36mconst[39m 
[33mApexCharts[39m 
[33m=[39m dynamic(() 
[33m=>[39m [36mimport[39m
([32m'react-apexcharts'[39m
)[33m,[39m { 
ssr[33m:[39m 
[36mfalse[39m })[33m;[39m
 [90m    |[39m             
                  [31m[1m^
[22m[39m[31m[1m^[22m[39m
[31m[1m^[22m[39m[31m[1m
^[22m[39m[31m[1m^[22m[3
9m[31m[1m^[22m[39m[31m[
1m^[22m[39m[31m[1m^[22m
[39m[31m[1m^[22m[39m[31m
[1m^[22m[39m[31m[1m^[22
m[39m[31m[1m^[22m[39m[3
1m[1m^[22m[39m[31m[1m^[
22m[39m[31m[1m^[22m[39m
[31m[1m^[22m[39m[31m[1m^
[22m[39m[31m[1m^[22m[39
m[31m[1m^[22m[39m[31m[1
m^[22m[39m[31m[1m^[22m[
39m[31m[1m^[22m[39m[31m
[1m^[22m[39m[31m[1m^[22m
[39m[31m[1m^[22m[39m[31
m[1m^[22m[39m
 [90m 19 |[39m
 [90m 20 |[39m 
[36minterface[39m 
[33mProfitData[39m {
 [90m 21 |[39m   
totalProfit[33m:[39m 
number[33m;[39m[0m



Import traces:
  Client Component Browser:
    ./src/app/(page)/Dashboar
d/(page)/profit/page.tsx 
[Client Component Browser]
    ./src/app/(page)/Dashboar
d/(page)/profit/page.tsx 
[Server Component]

  Client Component SSR:
    ./src/app/(page)/Dashboar
d/(page)/profit/page.tsx 
[Client Component SSR]
    ./src/app/(page)/Dashboar
d/(page)/profit/page.tsx 
[Server Component]

https://nextjs.org/docs/messa
ges/module-not-found


./src/app/(page)/Dashboard/(p
age)/profit/profit-dropshiper
/page.tsx
Module not found: Can't 
resolve 'react-apexcharts'


Import traces:
  Client Component Browser:
    ./src/app/(page)/Dashboar
d/(page)/profit/profit-dropsh
iper/page.tsx [Client 
Component Browser]
    ./src/app/(page)/Dashboar
d/(page)/profit/profit-dropsh
iper/page.tsx [Server 
Component]

  Client Component SSR:
    ./src/app/(page)/Dashboar
d/(page)/profit/profit-dropsh
iper/page.tsx [Client 
Component SSR]
    ./src/app/(page)/Dashboar
d/(page)/profit/profit-dropsh
iper/page.tsx [Server 
Component]

https://nextjs.org/docs/messa
ges/module-not-found


./src/app/(page)/Dashboard/(p
age)/profit/profit-dropshiper
/page.tsx:21:34
Module not found: Can't 
resolve 'react-apexcharts'
[0m [90m 19 |[39m } 
[36mfrom[39m [32m'@/compon
ents/ui/dialog'[39m[33m;[3
9m
 [90m 20 |[39m
[31m[1m>[22m[39m[90m 21 
|[39m [36mconst[39m 
[33mApexCharts[39m 
[33m=[39m dynamic(() 
[33m=>[39m [36mimport[39m
([32m'react-apexcharts'[39m
)[33m,[39m { 
ssr[33m:[39m 
[36mfalse[39m })[33m;[39m
 [90m    |[39m             
                     [31m[1
m^[22m[39m[31m[1m^[22m[
39m[31m[1m^[22m[39m[31m
[1m^[22m[39m[31m[1m^[22m
[39m[31m[1m^[22m[39m[31
m[1m^[22m[39m[31m[1m^[2
2m[39m[31m[1m^[22m[39m[
31m[1m^[22m[39m[31m[1m^
[22m[39m[31m[1m^[22m[39m
[31m[1m^[22m[39m[31m[1m
^[22m[39m[31m[1m^[22m[3
9m[31m[1m^[22m[39m[31m[
1m^[22m[39m[31m[1m^[22m
[39m[31m[1m^[22m[39m[31m
[1m^[22m[39m[31m[1m^[22
m[39m[31m[1m^[22m[39m[3
1m[1m^[22m[39m[31m[1m^[
22m[39m[31m[1m^[22m[39m
[31m[1m^[22m[39m
 [90m 22 |[39m
 [90m 23 |[39m 
[36minterface[39m 
[33mProfitData[39m {
 [90m 24 |[39m   
totalProfit[33m:[39m 
number[33m;[39m[0m



Import traces:
  Client Component Browser:
    ./src/app/(page)/Dashboar
d/(page)/profit/profit-dropsh
iper/page.tsx [Client 
Component Browser]
    ./src/app/(page)/Dashboar
d/(page)/profit/profit-dropsh
iper/page.tsx [Server 
Component]

  Client Component SSR:
    ./src/app/(page)/Dashboar
d/(page)/profit/profit-dropsh
iper/page.tsx [Client 
Component SSR]
    ./src/app/(page)/Dashboar
d/(page)/profit/profit-dropsh
iper/page.tsx [Server 
Component]

https://nextjs.org/docs/messa
ges/module-not-found


./src/app/(page)/Dashboard/(p
age)/profit/profit-trader/pag
e.tsx
Module not found: Can't 
resolve 'react-apexcharts'


Import traces:
  Client Component Browser:
    ./src/app/(page)/Dashboar
d/(page)/profit/profit-trader
/page.tsx [Client Component 
Browser]
    ./src/app/(page)/Dashboar
d/(page)/profit/profit-trader
/page.tsx [Server Component]

  Client Component SSR:
    ./src/app/(page)/Dashboar
d/(page)/profit/profit-trader
/page.tsx [Client Component 
SSR]
    ./src/app/(page)/Dashboar
d/(page)/profit/profit-trader
/page.tsx [Server Component]

https://nextjs.org/docs/messa
ges/module-not-found


./src/app/(page)/Dashboard/(p
age)/profit/profit-trader/pag
e.tsx:13:31
Module not found: Can't 
resolve 'react-apexcharts'
[0m [90m 11 |[39m 
[36mimport[39m { [33mRiSec
urePaymentFill[39m } 
[36mfrom[39m [32m'react-ic
ons/ri'[39m[33m;[39m
 [90m 12 |[39m
[31m[1m>[22m[39m[90m 13 
|[39m [36mconst[39m 
[33mApexCharts[39m 
[33m=[39m dynamic(() 
[33m=>[39m [36mimport[39m
([32m'react-apexcharts'[39m
)[33m,[39m { 
ssr[33m:[39m 
[36mfalse[39m })[33m;[39m
 [90m    |[39m             
                  [31m[1m^
[22m[39m[31m[1m^[22m[39m
[31m[1m^[22m[39m[31m[1m
^[22m[39m[31m[1m^[22m[3
9m[31m[1m^[22m[39m[31m[
1m^[22m[39m[31m[1m^[22m
[39m[31m[1m^[22m[39m[31m
[1m^[22m[39m[31m[1m^[22
m[39m[31m[1m^[22m[39m[3
1m[1m^[22m[39m[31m[1m^[
22m[39m[31m[1m^[22m[39m
[31m[1m^[22m[39m[31m[1m^
[22m[39m[31m[1m^[22m[39
m[31m[1m^[22m[39m[31m[1
m^[22m[39m[31m[1m^[22m[
39m[31m[1m^[22m[39m[31m
[1m^[22m[39m[31m[1m^[22m
[39m[31m[1m^[22m[39m[31
m[1m^[22m[39m
 [90m 14 |[39m 
[36mexport[39m type 
[33mPaymentOrder[39m 
[33m=[39m {
 [90m 15 |[39m   
id[33m:[39m 
string[33m;[39m
 [90m 16 |[39m   
orderId[33m:[39m 
string[33m;[39m[0m



Import traces:
  Client Component Browser:
    ./src/app/(page)/Dashboar
d/(page)/profit/profit-trader
/page.tsx [Client Component 
Browser]
    ./src/app/(page)/Dashboar
d/(page)/profit/profit-trader
/page.tsx [Server Component]

  Client Component SSR:
    ./src/app/(page)/Dashboar
d/(page)/profit/profit-trader
/page.tsx [Client Component 
SSR]
    ./src/app/(page)/Dashboar
d/(page)/profit/profit-trader
/page.tsx [Server Component]

https://nextjs.org/docs/messa
ges/module-not-found


./src/app/(page)/Test-Mode/Da
shboard/(page)/profit/page.ts
x
Module not found: Can't 
resolve 'react-apexcharts'


Import traces:
  Client Component Browser:
    ./src/app/(page)/Test-Mod
e/Dashboard/(page)/profit/pag
e.tsx [Client Component 
Browser]
    ./src/app/(page)/Test-Mod
e/Dashboard/(page)/profit/pag
e.tsx [Server Component]

  Client Component SSR:
    ./src/app/(page)/Test-Mod
e/Dashboard/(page)/profit/pag
e.tsx [Client Component SSR]
    ./src/app/(page)/Test-Mod
e/Dashboard/(page)/profit/pag
e.tsx [Server Component]

https://nextjs.org/docs/messa
ges/module-not-found


./src/app/(page)/Test-Mode/Da
shboard/(page)/profit/page.ts
x:7:34
Module not found: Can't 
resolve 'react-apexcharts'
[0m [90m  5 |[39m 
[36mimport[39m { [33mTrend
ingUp[39m[33m,[39m 
[33mClock[39m[33m,[39m 
[33mWalletIcon[39m } 
[36mfrom[39m [32m'lucide-r
eact'[39m[33m;[39m
 [90m  6 |[39m
[31m[1m>[22m[39m[90m  7 
|[39m [36mconst[39m 
[33mApexCharts[39m 
[33m=[39m dynamic(() 
[33m=>[39m [36mimport[39m
([32m'react-apexcharts'[39m
)[33m,[39m { 
ssr[33m:[39m 
[36mfalse[39m })[33m;[39m
 [90m    |[39m             
                     [31m[1
m^[22m[39m[31m[1m^[22m[
39m[31m[1m^[22m[39m[31m
[1m^[22m[39m[31m[1m^[22m
[39m[31m[1m^[22m[39m[31
m[1m^[22m[39m[31m[1m^[2
2m[39m[31m[1m^[22m[39m[
31m[1m^[22m[39m[31m[1m^
[22m[39m[31m[1m^[22m[39m
[31m[1m^[22m[39m[31m[1m
^[22m[39m[31m[1m^[22m[3
9m[31m[1m^[22m[39m[31m[
1m^[22m[39m[31m[1m^[22m
[39m[31m[1m^[22m[39m[31m
[1m^[22m[39m[31m[1m^[22
m[39m[31m[1m^[22m[39m[3
1m[1m^[22m[39m[31m[1m^[
22m[39m[31m[1m^[22m[39m
[31m[1m^[22m[39m
 [90m  8 |[39m
 [90m  9 |[39m 
[36minterface[39m 
[33mProfitData[39m {
 [90m 10 |[39m   
totalProfit[33m:[39m 
number[33m;[39m[0m



Import traces:
  Client Component Browser:
    ./src/app/(page)/Test-Mod
e/Dashboard/(page)/profit/pag
e.tsx [Client Component 
Browser]
    ./src/app/(page)/Test-Mod
e/Dashboard/(page)/profit/pag
e.tsx [Server Component]

  Client Component SSR:
    ./src/app/(page)/Test-Mod
e/Dashboard/(page)/profit/pag
e.tsx [Client Component SSR]
    ./src/app/(page)/Test-Mod
e/Dashboard/(page)/profit/pag
e.tsx [Server Component]

https://nextjs.org/docs/messa
ges/module-not-found


./src/app/(page)/Test-Mode/Da
shboard/(page)/profit/profit-
dropshiper/page.tsx
Module not found: Can't 
resolve 'react-apexcharts'


Import traces:
  Client Component Browser:
    ./src/app/(page)/Test-Mod
e/Dashboard/(page)/profit/pro
fit-dropshiper/page.tsx 
[Client Component Browser]
    ./src/app/(page)/Test-Mod
e/Dashboard/(page)/profit/pro
fit-dropshiper/page.tsx 
[Server Component]

  Client Component SSR:
    ./src/app/(page)/Test-Mod
e/Dashboard/(page)/profit/pro
fit-dropshiper/page.tsx 
[Client Component SSR]
    ./src/app/(page)/Test-Mod
e/Dashboard/(page)/profit/pro
fit-dropshiper/page.tsx 
[Server Component]

https://nextjs.org/docs/messa
ges/module-not-found


./src/app/(page)/Test-Mode/Da
shboard/(page)/profit/profit-
dropshiper/page.tsx:20:34
Module not found: Can't 
resolve 'react-apexcharts'
[0m [90m 18 |[39m } 
[36mfrom[39m [32m'@/compon
ents/ui/dialog'[39m[33m;[3
9m
 [90m 19 |[39m
[31m[1m>[22m[39m[90m 20 
|[39m [36mconst[39m 
[33mApexCharts[39m 
[33m=[39m dynamic(() 
[33m=>[39m [36mimport[39m
([32m'react-apexcharts'[39m
)[33m,[39m { 
ssr[33m:[39m 
[36mfalse[39m })[33m;[39m
 [90m    |[39m             
                     [31m[1
m^[22m[39m[31m[1m^[22m[
39m[31m[1m^[22m[39m[31m
[1m^[22m[39m[31m[1m^[22m
[39m[31m[1m^[22m[39m[31
m[1m^[22m[39m[31m[1m^[2
2m[39m[31m[1m^[22m[39m[
31m[1m^[22m[39m[31m[1m^
[22m[39m[31m[1m^[22m[39m
[31m[1m^[22m[39m[31m[1m
^[22m[39m[31m[1m^[22m[3
9m[31m[1m^[22m[39m[31m[
1m^[22m[39m[31m[1m^[22m
[39m[31m[1m^[22m[39m[31m
[1m^[22m[39m[31m[1m^[22
m[39m[31m[1m^[22m[39m[3
1m[1m^[22m[39m[31m[1m^[
22m[39m[31m[1m^[22m[39m
[31m[1m^[22m[39m
 [90m 21 |[39m
 [90m 22 |[39m 
[36minterface[39m 
[33mProfitData[39m {
 [90m 23 |[39m   
totalProfit[33m:[39m 
number[33m;[39m[0m



Import traces:
  Client Component Browser:
    ./src/app/(page)/Test-Mod
e/Dashboard/(page)/profit/pro
fit-dropshiper/page.tsx 
[Client Component Browser]
    ./src/app/(page)/Test-Mod
e/Dashboard/(page)/profit/pro
fit-dropshiper/page.tsx 
[Server Component]

  Client Component SSR:
    ./src/app/(page)/Test-Mod
e/Dashboard/(page)/profit/pro
fit-dropshiper/page.tsx 
[Client Component SSR]
    ./src/app/(page)/Test-Mod
e/Dashboard/(page)/profit/pro
fit-dropshiper/page.tsx 
[Server Component]

https://nextjs.org/docs/messa
ges/module-not-found


./src/app/(page)/Test-Mode/Da
shboard/(page)/profit/profit-
trader/page.tsx
Module not found: Can't 
resolve 'react-apexcharts'


Import traces:
  Client Component Browser:
    ./src/app/(page)/Test-Mod
e/Dashboard/(page)/profit/pro
fit-trader/page.tsx [Client 
Component Browser]
    ./src/app/(page)/Test-Mod
e/Dashboard/(page)/profit/pro
fit-trader/page.tsx [Server 
Component]

  Client Component SSR:
    ./src/app/(page)/Test-Mod
e/Dashboard/(page)/profit/pro
fit-trader/page.tsx [Client 
Component SSR]
    ./src/app/(page)/Test-Mod
e/Dashboard/(page)/profit/pro
fit-trader/page.tsx [Server 
Component]

https://nextjs.org/docs/messa
ges/module-not-found


./src/app/(page)/Test-Mode/Da
shboard/(page)/profit/profit-
trader/page.tsx:13:34
Module not found: Can't 
resolve 'react-apexcharts'
[0m [90m 11 |[39m 
[36mimport[39m { [33mRiSec
urePaymentFill[39m } 
[36mfrom[39m [32m'react-ic
ons/ri'[39m[33m;[39m
 [90m 12 |[39m
[31m[1m>[22m[39m[90m 13 
|[39m [36mconst[39m 
[33mApexCharts[39m 
[33m=[39m dynamic(() 
[33m=>[39m [36mimport[39m
([32m'react-apexcharts'[39m
)[33m,[39m { 
ssr[33m:[39m 
[36mfalse[39m })[33m;[39m
 [90m    |[39m             
                     [31m[1
m^[22m[39m[31m[1m^[22m[
39m[31m[1m^[22m[39m[31m
[1m^[22m[39m[31m[1m^[22m
[39m[31m[1m^[22m[39m[31
m[1m^[22m[39m[31m[1m^[2
2m[39m[31m[1m^[22m[39m[
31m[1m^[22m[39m[31m[1m^
[22m[39m[31m[1m^[22m[39m
[31m[1m^[22m[39m[31m[1m
^[22m[39m[31m[1m^[22m[3
9m[31m[1m^[22m[39m[31m[
1m^[22m[39m[31m[1m^[22m
[39m[31m[1m^[22m[39m[31m
[1m^[22m[39m[31m[1m^[22
m[39m[31m[1m^[22m[39m[3
1m[1m^[22m[39m[31m[1m^[
22m[39m[31m[1m^[22m[39m
[31m[1m^[22m[39m
 [90m 14 |[39m 
[36mexport[39m type 
[33mPaymentOrder[39m 
[33m=[39m {
 [90m 15 |[39m   
id[33m:[39m 
string[33m;[39m
 [90m 16 |[39m   
orderId[33m:[39m 
string[33m;[39m[0m



Import traces:
  Client Component Browser:
    ./src/app/(page)/Test-Mod
e/Dashboard/(page)/profit/pro
fit-trader/page.tsx [Client 
Component Browser]
    ./src/app/(page)/Test-Mod
e/Dashboard/(page)/profit/pro
fit-trader/page.tsx [Server 
Component]

  Client Component SSR:
    ./src/app/(page)/Test-Mod
e/Dashboard/(page)/profit/pro
fit-trader/page.tsx [Client 
Component SSR]
    ./src/app/(page)/Test-Mod
e/Dashboard/(page)/profit/pro
fit-trader/page.tsx [Server 
Component]

https://nextjs.org/docs/messa
ges/module-not-found


./src/app/(page)/admin/_compo
nents/WeeklyGrowthChart.tsx
Module not found: Can't 
resolve 'react-apexcharts'


Import traces:
  Client Component Browser:
    ./src/app/(page)/admin/_c
omponents/WeeklyGrowthChart.t
sx [Client Component Browser]
    ./src/app/(page)/admin/pa
ge.tsx [Client Component 
Browser]
    ./src/app/(page)/admin/pa
ge.tsx [Server Component]

  Client Component SSR:
    ./src/app/(page)/admin/_c
omponents/WeeklyGrowthChart.t
sx [Client Component SSR]
    ./src/app/(page)/admin/pa
ge.tsx [Client Component SSR]
    ./src/app/(page)/admin/pa
ge.tsx [Server Component]

https://nextjs.org/docs/messa
ges/module-not-found


./src/app/(page)/admin/_compo
nents/WeeklyGrowthChart.tsx:6
:33
Module not found: Can't 
resolve 'react-apexcharts'
[0m [90m 4 |[39m 
[36mimport[39m dynamic 
[36mfrom[39m [32m'next/dyn
amic'[39m[33m;[39m
 [90m 5 |[39m 
[36mimport[39m { 
[33mApexOptions[39m } 
[36mfrom[39m [32m'apexchar
ts'[39m[33m;[39m
[31m[1m>[22m[39m[90m 6 
|[39m [36mconst[39m 
[33mApexChart[39m 
[33m=[39m dynamic(() 
[33m=>[39m [36mimport[39m
([32m'react-apexcharts'[39m
)[33m,[39m { 
ssr[33m:[39m 
[36mfalse[39m })[33m;[39m
 [90m   |[39m              
                   [31m[1m^
[22m[39m[31m[1m^[22m[39
m[31m[1m^[22m[39m[31m[1
m^[22m[39m[31m[1m^[22m[
39m[31m[1m^[22m[39m[31m
[1m^[22m[39m[31m[1m^[22m
[39m[31m[1m^[22m[39m[31
m[1m^[22m[39m[31m[1m^[2
2m[39m[31m[1m^[22m[39m[
31m[1m^[22m[39m[31m[1m^
[22m[39m[31m[1m^[22m[39m
[31m[1m^[22m[39m[31m[1m
^[22m[39m[31m[1m^[22m[3
9m[31m[1m^[22m[39m[31m[
1m^[22m[39m[31m[1m^[22m
[39m[31m[1m^[22m[39m[31m
[1m^[22m[39m[31m[1m^[22
m[39m[31m[1m^[22m[39m[3
1m[1m^[22m[39m
 [90m 7 |[39m
 [90m 8 |[39m 
[36minterface[39m 
[33mWeeklyStats[39m {
 [90m 9 |[39m   
weeklyVisitors[33m:[39m 
number[][33m;[39m[0m



Import traces:
  Client Component Browser:
    ./src/app/(page)/admin/_c
omponents/WeeklyGrowthChart.t
sx [Client Component Browser]
    ./src/app/(page)/admin/pa
ge.tsx [Client Component 
Browser]
    ./src/app/(page)/admin/pa
ge.tsx [Server Component]

  Client Component SSR:
    ./src/app/(page)/admin/_c
omponents/WeeklyGrowthChart.t
sx [Client Component SSR]
    ./src/app/(page)/admin/pa
ge.tsx [Client Component SSR]
    ./src/app/(page)/admin/pa
ge.tsx [Server Component]

https://nextjs.org/docs/messa
ges/module-not-found


    at <unknown> (https://nex
tjs.org/docs/messages/module-
not-found)
    at <unknown> (./src/app/(
page)/Dashboard/(page)/profit
/page.tsx:18:31)
    at <unknown> (https://nex
tjs.org/docs/messages/module-
not-found)
    at <unknown> (https://nex
tjs.org/docs/messages/module-
not-found)
    at <unknown> (./src/app/(
page)/Dashboard/(page)/profit
/profit-dropshiper/page.tsx:2
1:34)
    at <unknown> (https://nex
tjs.org/docs/messages/module-
not-found)
    at <unknown> (https://nex
tjs.org/docs/messages/module-
not-found)
    at <unknown> (./src/app/(
page)/Dashboard/(page)/profit
/profit-trader/page.tsx:13:31
)
    at <unknown> (https://nex
tjs.org/docs/messages/module-
not-found)
    at <unknown> (https://nex
tjs.org/docs/messages/module-
not-found)
    at <unknown> (./src/app/(
page)/Test-Mode/Dashboard/(pa
ge)/profit/page.tsx:7:34)
    at <unknown> (https://nex
tjs.org/docs/messages/module-
not-found)
    at <unknown> (https://nex
tjs.org/docs/messages/module-
not-found)
    at <unknown> (./src/app/(
page)/Test-Mode/Dashboard/(pa
ge)/profit/profit-dropshiper/
page.tsx:20:34)
    at <unknown> (https://nex
tjs.org/docs/messages/module-
not-found)
    at <unknown> (https://nex
tjs.org/docs/messages/module-
not-found)
    at <unknown> (./src/app/(
page)/Test-Mode/Dashboard/(pa
ge)/profit/profit-trader/page
.tsx:13:34)
    at <unknown> (https://nex
tjs.org/docs/messages/module-
not-found)
    at <unknown> (https://nex
tjs.org/docs/messages/module-
not-found)
    at <unknown> (./src/app/(
page)/admin/_components/Weekl
yGrowthChart.tsx:6:33)
    at <unknown> (https://nex
tjs.org/docs/messages/module-
not-found)
