
src/app/(page)/Dashboard/(page)/cre
ate-store/(page)/Trader/_components
/navigation-buttons.tsx(39,35): 
error TS1005: '}' expected.
src/app/(page)/Dashboard/(page)/cre
ate-store/(page)/Trader/_components
/navigation-buttons.tsx(50,1): 
error TS1109: Expression expected.
src/app/(page)/Dashboard/(page)/cre
ate-store/(page)/Trader/_components
/navigation-buttons.tsx(55,16): 
error TS1005: '}' expected.
src/app/(page)/Dashboard/(page)/cre
ate-store/(page)/Trader/_components
/navigation-buttons.tsx(57,19): 
error TS1382: Unexpected token. 
Did you mean `{'>'}` or `&gt;`?
src/app/(page)/Dashboard/(page)/cre
ate-store/(page)/Trader/_components
/navigation-buttons.tsx(58,15): 
error TS1382: Unexpected token. 
Did you mean `{'>'}` or `&gt;`?
src/app/(page)/Dashboard/(page)/cre
ate-store/(page)/Trader/_components
/navigation-buttons.tsx(59,17): 
error TS1382: Unexpected token. 
Did you mean `{'>'}` or `&gt;`?
src/app/(page)/Dashboard/(page)/cre
ate-store/(page)/Trader/_components
/navigation-buttons.tsx(60,1): 
error TS1381: Unexpected token. 
Did you mean `{'}'}` or `&rbrace;`?
src/app/(page)/Dashboard/(page)/cre
ate-store/(page)/Trader/_components
/navigation-buttons.tsx(68,1): 
error TS1109: Expression expected.
src/app/(page)/Dashboard/(page)/cre
ate-store/(page)/Trader/_components
/navigation-buttons.tsx(69,3): 
error TS1109: Expression expected.
src/app/(page)/Dashboard/(page)/cre
ate-store/(page)/Trader/_components
/navigation-buttons.tsx(133,1): 
error TS1381: Unexpected token. 
Did you mean `{'}'}` or `&rbrace;`?
src/app/(page)/Dashboard/(page)/cre
ate-store/(page)/Trader/_components
/navigation-buttons.tsx(134,42): 
error TS1381: Unexpected token. 
Did you mean `{'}'}` or `&rbrace;`?
src/app/(page)/Dashboard/(page)/cre
ate-store/(page)/Trader/_components
/navigation-buttons.tsx(137,9): 
error TS1382: Unexpected token. 
Did you mean `{'>'}` or `&gt;`?
src/app/(page)/Dashboard/(page)/cre
ate-store/(page)/Trader/_components
/navigation-buttons.tsx(139,11): 
error TS17002: Expected 
corresponding JSX closing tag for 
'div'.
src/app/(page)/Dashboard/(page)/cre
ate-store/(page)/Trader/_components
/navigation-buttons.tsx(164,9): 
error TS17015: Expected 
corresponding closing tag for JSX 
fragment.
src/app/(page)/Dashboard/(page)/cre
ate-store/(page)/Trader/_components
/navigation-buttons.tsx(190,5): 
error TS1128: Declaration or 
statement expected.
src/app/(page)/Dashboard/(page)/cre
ate-store/(page)/Trader/_components
/navigation-buttons.tsx(190,7): 
error TS1109: Expression expected.
src/app/(page)/Dashboard/(page)/cre
ate-store/(page)/Trader/_components
/navigation-buttons.tsx(191,3): 
error TS1109: Expression expected.
src/app/(page)/Dashboard/(page)/cre
ate-store/(page)/Trader/_components
/step-indicator.tsx(52,13): error 
TS2657: JSX expressions must have 
one parent element.
src/app/(page)/Dashboard/(page)/cre
ate-store/(page)/Trader/_components
/step-indicator.tsx(61,41): error 
TS1005: '}' expected.
src/app/(page)/Dashboard/(page)/cre
ate-store/(page)/Trader/_components
/step-indicator.tsx(71,16): error 
TS1005: '}' expected.
src/app/(page)/Dashboard/(page)/cre
ate-store/(page)/Trader/_components
/step-indicator.tsx(72,22): error 
TS1005: ',' expected.
src/app/(page)/Dashboard/(page)/cre
ate-store/(page)/Trader/_components
/step-indicator.tsx(72,40): error 
TS1381: Unexpected token. Did you 
mean `{'}'}` or `&rbrace;`?
src/app/(page)/Dashboard/(page)/cre
ate-store/(page)/Trader/_components
/step-indicator.tsx(73,33): error 
TS1382: Unexpected token. Did you 
mean `{'>'}` or `&gt;`?
src/app/(page)/Dashboard/(page)/cre
ate-store/(page)/Trader/_components
/step-indicator.tsx(74,1): error 
TS1381: Unexpected token. Did you 
mean `{'}'}` or `&rbrace;`?
src/app/(page)/Dashboard/(page)/cre
ate-store/(page)/Trader/_components
/step-indicator.tsx(77,3): error 
TS1109: Expression expected.
src/app/(page)/Dashboard/(page)/cre
ate-store/(page)/Trader/_components
/step-indicator.tsx(78,9): error 
TS1005: '}' expected.
src/app/(page)/Dashboard/(page)/cre
ate-store/(page)/Trader/_components
/step-indicator.tsx(78,82): error 
TS1381: Unexpected token. Did you 
mean `{'}'}` or `&rbrace;`?
src/app/(page)/Dashboard/(page)/cre
ate-store/(page)/Trader/_components
/step-indicator.tsx(79,9): error 
TS1005: '}' expected.
src/app/(page)/Dashboard/(page)/cre
ate-store/(page)/Trader/_components
/step-indicator.tsx(79,92): error 
TS1381: Unexpected token. Did you 
mean `{'}'}` or `&rbrace;`?
src/app/(page)/Dashboard/(page)/cre
ate-store/(page)/Trader/_components
/step-indicator.tsx(80,9): error 
TS1005: '}' expected.
src/app/(page)/Dashboard/(page)/cre
ate-store/(page)/Trader/_components
/step-indicator.tsx(80,90): error 
TS1381: Unexpected token. Did you 
mean `{'}'}` or `&rbrace;`?
src/app/(page)/Dashboard/(page)/cre
ate-store/(page)/Trader/_components
/step-indicator.tsx(83,42): error 
TS1382: Unexpected token. Did you 
mean `{'>'}` or `&gt;`?
src/app/(page)/Dashboard/(page)/cre
ate-store/(page)/Trader/_components
/step-indicator.tsx(84,5): error 
TS1109: Expression expected.
src/app/(page)/Dashboard/(page)/cre
ate-store/(page)/Trader/_components
/step-indicator.tsx(89,3): error 
TS1381: Unexpected token. Did you 
mean `{'}'}` or `&rbrace;`?
src/app/(page)/Dashboard/(page)/cre
ate-store/(page)/Trader/_components
/step-indicator.tsx(91,42): error 
TS1382: Unexpected token. Did you 
mean `{'>'}` or `&gt;`?
src/app/(page)/Dashboard/(page)/cre
ate-store/(page)/Trader/_components
/step-indicator.tsx(149,1): error 
TS1381: Unexpected token. Did you 
mean `{'}'}` or `&rbrace;`?
src/app/(page)/Dashboard/(page)/cre
ate-store/(page)/Trader/_components
/step-indicator.tsx(150,42): error 
TS1381: Unexpected token. Did you 
mean `{'}'}` or `&rbrace;`?
src/app/(page)/Dashboard/(page)/cre
ate-store/(page)/Trader/_components
/step-indicator.tsx(151,15): error 
TS1382: Unexpected token. Did you 
mean `{'>'}` or `&gt;`?
src/app/(page)/Dashboard/(page)/cre
ate-store/(page)/Trader/_components
/step-indicator.tsx(159,17): error 
TS17002: Expected corresponding 
JSX closing tag for 'button'.
src/app/(page)/Dashboard/(page)/cre
ate-store/(page)/Trader/_components
/step-indicator.tsx(168,13): error 
TS1005: ')' expected.
src/app/(page)/Dashboard/(page)/cre
ate-store/(page)/Trader/_components
/step-indicator.tsx(168,15): error 
TS17002: Expected corresponding 
JSX closing tag for 'div'.
src/app/(page)/Dashboard/(page)/cre
ate-store/(page)/Trader/_components
/step-indicator.tsx(170,9): error 
TS1381: Unexpected token. Did you 
mean `{'}'}` or `&rbrace;`?
src/app/(page)/Dashboard/(page)/cre
ate-store/(page)/Trader/_components
/step-indicator.tsx(170,11): error 
TS1381: Unexpected token. Did you 
mean `{'}'}` or `&rbrace;`?
src/app/(page)/Dashboard/(page)/cre
ate-store/(page)/Trader/_components
/step-indicator.tsx(172,5): error 
TS1005: ')' expected.
src/app/(page)/Dashboard/(page)/cre
ate-store/(page)/Trader/_components
/step-indicator.tsx(173,3): error 
TS1109: Expression expected.
src/app/(page)/Dashboard/(page)/hel
p/page.tsx(75,13): error TS1003: 
Identifier expected.
src/app/(page)/Dashboard/(page)/hel
p/page.tsx(88,3): error TS1109: 
Expression expected.
src/app/(page)/Dashboard/(page)/hel
p/page.tsx(96,52): error TS1382: 
Unexpected token. Did you mean 
`{'>'}` or `&gt;`?
src/app/(page)/Dashboard/(page)/hel
p/page.tsx(97,23): error TS1005: 
'}' expected.
src/app/(page)/Dashboard/(page)/hel
p/page.tsx(101,7): error TS1109: 
Expression expected.
src/app/(page)/Dashboard/(page)/hel
p/page.tsx(102,15): error TS1005: 
'}' expected.
src/app/(page)/Dashboard/(page)/hel
p/page.tsx(103,34): error TS1005: 
'}' expected.
src/app/(page)/Dashboard/(page)/hel
p/page.tsx(103,55): error TS1381: 
Unexpected token. Did you mean 
`{'}'}` or `&rbrace;`?
src/app/(page)/Dashboard/(page)/hel
p/page.tsx(106,16): error TS1005: 
'}' expected.
src/app/(page)/Dashboard/(page)/hel
p/page.tsx(111,9): error TS1381: 
Unexpected token. Did you mean 
`{'}'}` or `&rbrace;`?
src/app/(page)/Dashboard/(page)/hel
p/page.tsx(112,7): error TS1381: 
Unexpected token. Did you mean 
`{'}'}` or `&rbrace;`?
src/app/(page)/Dashboard/(page)/hel
p/page.tsx(122,5): error TS1381: 
Unexpected token. Did you mean 
`{'}'}` or `&rbrace;`?
src/app/(page)/Dashboard/(page)/hel
p/page.tsx(123,25): error TS1005: 
'}' expected.
src/app/(page)/Dashboard/(page)/hel
p/page.tsx(125,5): error TS1381: 
Unexpected token. Did you mean 
`{'}'}` or `&rbrace;`?
src/app/(page)/Dashboard/(page)/hel
p/page.tsx(126,24): error TS1005: 
'}' expected.
src/app/(page)/Dashboard/(page)/hel
p/page.tsx(127,5): error TS1381: 
Unexpected token. Did you mean 
`{'}'}` or `&rbrace;`?
src/app/(page)/Dashboard/(page)/hel
p/page.tsx(128,3): error TS1381: 
Unexpected token. Did you mean 
`{'}'}` or `&rbrace;`?
src/app/(page)/Dashboard/(page)/hel
p/page.tsx(222,1): error TS1381: 
Unexpected token. Did you mean 
`{'}'}` or `&rbrace;`?
src/app/(page)/Dashboard/(page)/hel
p/page.tsx(223,42): error TS1382: 
Unexpected token. Did you mean 
`{'>'}` or `&gt;`?
src/app/(page)/Dashboard/(page)/hel
p/page.tsx(295,9): error TS17002: 
Expected corresponding JSX closing 
tag for 'section'.
src/app/(page)/Dashboard/(page)/hel
p/page.tsx(296,5): error TS1005: 
')' expected.
src/app/(page)/Dashboard/(page)/hel
p/page.tsx(297,3): error TS1109: 
Expression expected.
src/app/(page)/Dashboard/(page)/pro
fit/payment-order/page.tsx(133,11):
 error TS1003: Identifier expected.
src/app/(page)/Dashboard/(page)/pro
fit/payment-order/page.tsx(289,1): 
error TS1128: Declaration or 
statement expected.
src/app/(page)/Dashboard/(page)/pro
fit/payment-order/page.tsx(289,17):
 error TS1005: ';' expected.
src/app/(page)/Dashboard/(page)/pro
fit/payment-order/page.tsx(290,7): 
error TS2657: JSX expressions must 
have one parent element.
src/app/(page)/Dashboard/(page)/pro
fit/payment-order/page.tsx(296,5): 
error TS1128: Declaration or 
statement expected.
src/app/(page)/Dashboard/(page)/pro
fit/payment-order/page.tsx(297,3): 
error TS1109: Expression expected.
src/app/(page)/Dashboard/(page)/set
ting/store/c-shipping/page.tsx(23,5
): error TS2657: JSX expressions 
must have one parent element.
src/app/(page)/Dashboard/(page)/set
ting/store/c-shipping/page.tsx(24,1
3): error TS1003: Identifier 
expected.
src/app/(page)/Dashboard/(page)/set
ting/store/c-shipping/page.tsx(34,3
): error TS1109: Expression 
expected.
src/app/(page)/Dashboard/(page)/set
ting/store/c-shipping/page.tsx(37,3
2): error TS1382: Unexpected 
token. Did you mean `{'>'}` or 
`&gt;`?
src/app/(page)/Dashboard/(page)/set
ting/store/c-shipping/page.tsx(38,5
): error TS1109: Expression 
expected.
src/app/(page)/Dashboard/(page)/set
ting/store/c-shipping/page.tsx(41,3
): error TS1381: Unexpected token. 
Did you mean `{'}'}` or `&rbrace;`?
src/app/(page)/Dashboard/(page)/set
ting/store/c-shipping/page.tsx(67,1
): error TS1381: Unexpected token. 
Did you mean `{'}'}` or `&rbrace;`?
src/app/(page)/Dashboard/(page)/set
ting/store/c-shipping/page.tsx(68,4
2): error TS1382: Unexpected 
token. Did you mean `{'>'}` or 
`&gt;`?
src/app/(page)/Dashboard/(page)/set
ting/store/c-shipping/page.tsx(79,9
): error TS17002: Expected 
corresponding JSX closing tag for 
'section'.
src/app/(page)/Dashboard/(page)/set
ting/store/c-shipping/page.tsx(81,1
5): error TS1003: Identifier 
expected.
src/app/(page)/Dashboard/(page)/set
ting/store/c-shipping/page.tsx(91,3
): error TS1109: Expression 
expected.
src/app/(page)/Dashboard/(page)/set
ting/store/c-shipping/page.tsx(94,3
2): error TS1382: Unexpected 
token. Did you mean `{'>'}` or 
`&gt;`?
src/app/(page)/Dashboard/(page)/set
ting/store/c-shipping/page.tsx(95,5
): error TS1109: Expression 
expected.
src/app/(page)/Dashboard/(page)/set
ting/store/c-shipping/page.tsx(98,3
): error TS1381: Unexpected token. 
Did you mean `{'}'}` or `&rbrace;`?
src/app/(page)/Dashboard/(page)/set
ting/store/c-shipping/page.tsx(124,
1): error TS1381: Unexpected 
token. Did you mean `{'}'}` or 
`&rbrace;`?
src/app/(page)/Dashboard/(page)/set
ting/store/c-shipping/page.tsx(125,
42): error TS1382: Unexpected 
token. Did you mean `{'>'}` or 
`&gt;`?
src/app/(page)/Dashboard/(page)/set
ting/store/c-shipping/page.tsx(131,
7): error TS1005: ')' expected.
src/app/(page)/Dashboard/(page)/set
ting/store/c-shipping/page.tsx(132,
5): error TS1109: Expression 
expected.
src/app/(page)/Dashboard/(page)/set
ting/store/c-shipping/page.tsx(133,
3): error TS1109: Expression 
expected.
src/app/(page)/Dashboard/(page)/set
ting/store/pixel/page.tsx(37,5): 
error TS2657: JSX expressions must 
have one parent element.
src/app/(page)/Dashboard/(page)/set
ting/store/pixel/page.tsx(38,13): 
error TS1003: Identifier expected.
src/app/(page)/Dashboard/(page)/set
ting/store/pixel/page.tsx(49,8): 
error TS1005: '}' expected.
src/app/(page)/Dashboard/(page)/set
ting/store/pixel/page.tsx(49,60): 
error TS1381: Unexpected token. 
Did you mean `{'}'}` or `&rbrace;`?
src/app/(page)/Dashboard/(page)/set
ting/store/pixel/page.tsx(50,8): 
error TS1005: '}' expected.
src/app/(page)/Dashboard/(page)/set
ting/store/pixel/page.tsx(50,60): 
error TS1381: Unexpected token. 
Did you mean `{'}'}` or `&rbrace;`?
src/app/(page)/Dashboard/(page)/set
ting/store/pixel/page.tsx(51,8): 
error TS1005: '}' expected.
src/app/(page)/Dashboard/(page)/set
ting/store/pixel/page.tsx(51,56): 
error TS1381: Unexpected token. 
Did you mean `{'}'}` or `&rbrace;`?
src/app/(page)/Dashboard/(page)/set
ting/store/pixel/page.tsx(52,8): 
error TS1005: '}' expected.
src/app/(page)/Dashboard/(page)/set
ting/store/pixel/page.tsx(52,52): 
error TS1381: Unexpected token. 
Did you mean `{'}'}` or `&rbrace;`?
src/app/(page)/Dashboard/(page)/set
ting/store/pixel/page.tsx(56,3): 
error TS1109: Expression expected.
src/app/(page)/Dashboard/(page)/set
ting/store/pixel/page.tsx(61,3): 
error TS1109: Expression expected.
src/app/(page)/Dashboard/(page)/set
ting/store/pixel/page.tsx(63,35): 
error TS1003: Identifier expected.
src/app/(page)/Dashboard/(page)/set
ting/store/pixel/page.tsx(63,50): 
error TS1382: Unexpected token. 
Did you mean `{'>'}` or `&gt;`?
src/app/(page)/Dashboard/(page)/set
ting/store/pixel/page.tsx(65,32): 
error TS1382: Unexpected token. 
Did you mean `{'>'}` or `&gt;`?
src/app/(page)/Dashboard/(page)/set
ting/store/pixel/page.tsx(66,5): 
error TS1109: Expression expected.
src/app/(page)/Dashboard/(page)/set
ting/store/pixel/page.tsx(67,55): 
error TS1005: '}' expected.
src/app/(page)/Dashboard/(page)/set
ting/store/pixel/page.tsx(67,76): 
error TS1381: Unexpected token. 
Did you mean `{'}'}` or `&rbrace;`?
src/app/(page)/Dashboard/(page)/set
ting/store/pixel/page.tsx(69,3): 
error TS1381: Unexpected token. 
Did you mean `{'}'}` or `&rbrace;`?
src/app/(page)/Dashboard/(page)/set
ting/store/pixel/page.tsx(127,1): 
error TS1381: Unexpected token. 
Did you mean `{'}'}` or `&rbrace;`?
src/app/(page)/Dashboard/(page)/set
ting/store/pixel/page.tsx(128,42): 
error TS1382: Unexpected token. 
Did you mean `{'>'}` or `&gt;`?
src/app/(page)/Dashboard/(page)/set
ting/store/pixel/page.tsx(145,9): 
error TS17002: Expected 
corresponding JSX closing tag for 
'section'.
src/app/(page)/Dashboard/(page)/set
ting/store/pixel/page.tsx(149,17): 
error TS1003: Identifier expected.
src/app/(page)/Dashboard/(page)/set
ting/store/pixel/page.tsx(160,8): 
error TS1005: '}' expected.
src/app/(page)/Dashboard/(page)/set
ting/store/pixel/page.tsx(160,60): 
error TS1381: Unexpected token. 
Did you mean `{'}'}` or `&rbrace;`?
src/app/(page)/Dashboard/(page)/set
ting/store/pixel/page.tsx(161,8): 
error TS1005: '}' expected.
src/app/(page)/Dashboard/(page)/set
ting/store/pixel/page.tsx(161,60): 
error TS1381: Unexpected token. 
Did you mean `{'}'}` or `&rbrace;`?
src/app/(page)/Dashboard/(page)/set
ting/store/pixel/page.tsx(162,8): 
error TS1005: '}' expected.
src/app/(page)/Dashboard/(page)/set
ting/store/pixel/page.tsx(162,56): 
error TS1381: Unexpected token. 
Did you mean `{'}'}` or `&rbrace;`?
src/app/(page)/Dashboard/(page)/set
ting/store/pixel/page.tsx(163,8): 
error TS1005: '}' expected.
src/app/(page)/Dashboard/(page)/set
ting/store/pixel/page.tsx(163,52): 
error TS1381: Unexpected token. 
Did you mean `{'}'}` or `&rbrace;`?
src/app/(page)/Dashboard/(page)/set
ting/store/pixel/page.tsx(167,3): 
error TS1109: Expression expected.
src/app/(page)/Dashboard/(page)/set
ting/store/pixel/page.tsx(172,3): 
error TS1109: Expression expected.
src/app/(page)/Dashboard/(page)/set
ting/store/pixel/page.tsx(174,35): 
error TS1003: Identifier expected.
src/app/(page)/Dashboard/(page)/set
ting/store/pixel/page.tsx(174,50): 
error TS1382: Unexpected token. 
Did you mean `{'>'}` or `&gt;`?
src/app/(page)/Dashboard/(page)/set
ting/store/pixel/page.tsx(176,32): 
error TS1382: Unexpected token. 
Did you mean `{'>'}` or `&gt;`?
src/app/(page)/Dashboard/(page)/set
ting/store/pixel/page.tsx(177,5): 
error TS1109: Expression expected.
src/app/(page)/Dashboard/(page)/set
ting/store/pixel/page.tsx(178,55): 
error TS1005: '}' expected.
src/app/(page)/Dashboard/(page)/set
ting/store/pixel/page.tsx(178,76): 
error TS1381: Unexpected token. 
Did you mean `{'}'}` or `&rbrace;`?
src/app/(page)/Dashboard/(page)/set
ting/store/pixel/page.tsx(180,3): 
error TS1381: Unexpected token. 
Did you mean `{'}'}` or `&rbrace;`?
src/app/(page)/Dashboard/(page)/set
ting/store/pixel/page.tsx(238,1): 
error TS1381: Unexpected token. 
Did you mean `{'}'}` or `&rbrace;`?
src/app/(page)/Dashboard/(page)/set
ting/store/pixel/page.tsx(239,42): 
error TS1382: Unexpected token. 
Did you mean `{'>'}` or `&gt;`?
src/app/(page)/Dashboard/(page)/set
ting/store/pixel/page.tsx(247,11): 
error TS1005: ';' expected.
src/app/(page)/Dashboard/(page)/set
ting/store/pixel/page.tsx(248,17): 
error TS1003: Identifier expected.
src/app/(page)/Dashboard/(page)/set
ting/store/pixel/page.tsx(338,1): 
error TS1128: Declaration or 
statement expected.
src/app/(page)/Dashboard/(page)/set
ting/store/pixel/page.tsx(338,17): 
error TS1005: ';' expected.
src/app/(page)/Dashboard/(page)/set
ting/store/pixel/page.tsx(339,26): 
error TS1005: ',' expected.
src/app/(page)/Dashboard/(page)/set
ting/store/pixel/page.tsx(357,11): 
error TS1128: Declaration or 
statement expected.
src/app/(page)/Dashboard/(page)/set
ting/store/pixel/page.tsx(358,9): 
error TS1109: Expression expected.
src/app/(page)/Dashboard/(page)/set
ting/store/pixel/page.tsx(359,7): 
error TS1128: Declaration or 
statement expected.
src/app/(page)/Dashboard/(page)/set
ting/store/pixel/page.tsx(360,5): 
error TS1109: Expression expected.
src/app/(page)/Dashboard/(page)/set
ting/store/pixel/page.tsx(361,3): 
error TS1109: Expression expected.
src/app/(page)/Dashboard/(page)/set
ting/store/pixel/page.tsx(362,1): 
error TS1128: Declaration or 
statement expected.
src/app/(page)/Dashboard/(page)/set
ting/store/theme/page.tsx(10,5): 
error TS2657: JSX expressions must 
have one parent element.
src/app/(page)/Dashboard/(page)/set
ting/store/theme/page.tsx(11,13): 
error TS1003: Identifier expected.
src/app/(page)/Dashboard/(page)/set
ting/store/theme/page.tsx(18,3): 
error TS1109: Expression expected.
src/app/(page)/Dashboard/(page)/set
ting/store/theme/page.tsx(34,1): 
error TS1381: Unexpected token. 
Did you mean `{'}'}` or `&rbrace;`?
src/app/(page)/Dashboard/(page)/set
ting/store/theme/page.tsx(35,44): 
error TS1382: Unexpected token. 
Did you mean `{'>'}` or `&gt;`?
src/app/(page)/Dashboard/(page)/set
ting/store/theme/page.tsx(40,9): 
error TS17002: Expected 
corresponding JSX closing tag for 
'section'.
src/app/(page)/Dashboard/(page)/set
ting/store/theme/page.tsx(42,15): 
error TS1003: Identifier expected.
src/app/(page)/Dashboard/(page)/set
ting/store/theme/page.tsx(49,3): 
error TS1109: Expression expected.
src/app/(page)/Dashboard/(page)/set
ting/store/theme/page.tsx(65,1): 
error TS1381: Unexpected token. 
Did you mean `{'}'}` or `&rbrace;`?
src/app/(page)/Dashboard/(page)/set
ting/store/theme/page.tsx(66,44): 
error TS1382: Unexpected token. 
Did you mean `{'>'}` or `&gt;`?
src/app/(page)/Dashboard/(page)/set
ting/store/theme/page.tsx(69,7): 
error TS1005: ')' expected.
src/app/(page)/Dashboard/(page)/set
ting/store/theme/page.tsx(70,5): 
error TS1109: Expression expected.
src/app/(page)/Dashboard/(page)/set
ting/store/theme/page.tsx(71,3): 
error TS1109: Expression expected.
src/app/(page)/Dashboard/_component
s/cards/ManagementCard.tsx(43,13): 
error TS1003: Identifier expected.
src/app/(page)/Dashboard/_component
s/cards/ManagementCard.tsx(50,9): 
error TS1109: Expression expected.
src/app/(page)/Dashboard/_component
s/cards/ManagementCard.tsx(50,17): 
error TS1005: '}' expected.
src/app/(page)/Dashboard/_component
s/cards/ManagementCard.tsx(57,24): 
error TS1382: Unexpected token. 
Did you mean `{'>'}` or `&gt;`?
src/app/(page)/Dashboard/_component
s/cards/ManagementCard.tsx(61,24): 
error TS1382: Unexpected token. 
Did you mean `{'>'}` or `&gt;`?
src/app/(page)/Dashboard/_component
s/cards/ManagementCard.tsx(62,1): 
error TS1381: Unexpected token. 
Did you mean `{'}'}` or `&rbrace;`?
src/app/(page)/Dashboard/_component
s/cards/ManagementCard.tsx(77,1): 
error TS1109: Expression expected.
src/app/(page)/Dashboard/_component
s/cards/ManagementCard.tsx(78,3): 
error TS1109: Expression expected.
src/app/(page)/Dashboard/_component
s/cards/ManagementCard.tsx(114,1): 
error TS1381: Unexpected token. 
Did you mean `{'}'}` or `&rbrace;`?
src/app/(page)/Dashboard/_component
s/cards/ManagementCard.tsx(115,42):
 error TS1382: Unexpected token. 
Did you mean `{'>'}` or `&gt;`?
src/app/(page)/Dashboard/_component
s/cards/ManagementCard.tsx(141,9): 
error TS17002: Expected 
corresponding JSX closing tag for 
'motion.div'.
src/app/(page)/Dashboard/_component
s/cards/ManagementCard.tsx(142,5): 
error TS1005: ')' expected.
src/app/(page)/Dashboard/_component
s/cards/ManagementCard.tsx(143,3): 
error TS1109: Expression expected.
src/app/(page)/Dashboard/_component
s/layout/HeaderSection.tsx(23,10): 
error TS1003: Identifier expected.
src/app/(page)/Dashboard/_component
s/layout/HeaderSection.tsx(29,59): 
error TS1109: Expression expected.
src/app/(page)/Dashboard/_component
s/layout/HeaderSection.tsx(30,3): 
error TS1109: Expression expected.
src/app/(page)/Dashboard/_component
s/layout/HeaderSection.tsx(30,34): 
error TS1003: Identifier expected.
src/app/(page)/Dashboard/_component
s/layout/HeaderSection.tsx(30,40): 
error TS1005: '}' expected.
src/app/(page)/Dashboard/_component
s/layout/HeaderSection.tsx(30,63): 
error TS1381: Unexpected token. 
Did you mean `{'}'}` or `&rbrace;`?
src/app/(page)/Dashboard/_component
s/layout/HeaderSection.tsx(30,64): 
error TS1382: Unexpected token. 
Did you mean `{'>'}` or `&gt;`?
src/app/(page)/Dashboard/_component
s/layout/HeaderSection.tsx(31,10): 
error TS1005: '}' expected.
src/app/(page)/Dashboard/_component
s/layout/HeaderSection.tsx(31,16): 
error TS1005: '}' expected.
src/app/(page)/Dashboard/_component
s/layout/HeaderSection.tsx(31,54): 
error TS1381: Unexpected token. 
Did you mean `{'}'}` or `&rbrace;`?
src/app/(page)/Dashboard/_component
s/layout/HeaderSection.tsx(32,19): 
error TS1005: '}' expected.
src/app/(page)/Dashboard/_component
s/layout/HeaderSection.tsx(32,62): 
error TS1381: Unexpected token. 
Did you mean `{'}'}` or `&rbrace;`?
src/app/(page)/Dashboard/_component
s/layout/HeaderSection.tsx(33,22): 
error TS1005: '}' expected.
src/app/(page)/Dashboard/_component
s/layout/HeaderSection.tsx(33,63): 
error TS1381: Unexpected token. 
Did you mean `{'}'}` or `&rbrace;`?
src/app/(page)/Dashboard/_component
s/layout/HeaderSection.tsx(34,17): 
error TS1005: '}' expected.
src/app/(page)/Dashboard/_component
s/layout/HeaderSection.tsx(34,58): 
error TS1381: Unexpected token. 
Did you mean `{'}'}` or `&rbrace;`?
src/app/(page)/Dashboard/_component
s/layout/HeaderSection.tsx(35,18): 
error TS1005: '}' expected.
src/app/(page)/Dashboard/_component
s/layout/HeaderSection.tsx(35,56): 
error TS1381: Unexpected token. 
Did you mean `{'}'}` or `&rbrace;`?
src/app/(page)/Dashboard/_component
s/layout/HeaderSection.tsx(36,3): 
error TS1381: Unexpected token. 
Did you mean `{'}'}` or `&rbrace;`?
src/app/(page)/Dashboard/_component
s/layout/HeaderSection.tsx(60,1): 
error TS1381: Unexpected token. 
Did you mean `{'}'}` or `&rbrace;`?
src/app/(page)/Dashboard/_component
s/layout/HeaderSection.tsx(62,7): 
error TS1382: Unexpected token. 
Did you mean `{'>'}` or `&gt;`?
src/app/(page)/Dashboard/_component
s/layout/HeaderSection.tsx(73,9): 
error TS17002: Expected 
corresponding JSX closing tag for 
'div'.
src/app/(page)/Dashboard/_component
s/layout/HeaderSection.tsx(74,5): 
error TS1005: ')' expected.
src/app/(page)/Dashboard/_component
s/layout/HeaderSection.tsx(75,3): 
error TS1109: Expression expected.


